==========================================
Mock SMTP Server listening on port 1025...
Press Ctrl+C to stop.
==========================================
SMTP CMD: EHLO LAPTOP-74OU42E1
SMTP CMD: MAIL FROM:<noreply@aeroqueue.com>
SMTP CMD: RCPT TO:<tester@aeroqueue.com>
SMTP CMD: DATA
Connection error: Exception calling "ReadLine" with "0" argument(s): "Unable to read data from the transport connection: An existing connection was forcibly closed by the remote host."
------------------------------------------
RECEIVED EMAIL CONTENT:
MIME-Version: 1.0
From: "AeroQueue System" <noreply@aeroqueue.com>
To: tester@aeroqueue.com
Date: 11 Jun 2026 14:18:47 +0530
Subject: Test
Content-Type: text/plain; charset=us-ascii
Content-Transfer-Encoding: quoted-printable

Test Body


==========================================
SMTP CMD: EHLO LAPTOP-74OU42E1
SMTP CMD: MAIL FROM:<noreply@aeroqueue.com>
SMTP CMD: RCPT TO:<tester@aeroqueue.com>
SMTP CMD: DATA
Connection error: Exception calling "ReadLine" with "0" argument(s): "Unable to read data from the transport connection: An existing connection was forcibly closed by the remote host."
------------------------------------------
RECEIVED EMAIL CONTENT:
MIME-Version: 1.0
From: "AeroQueue System" <noreply@aeroqueue.com>
To: tester@aeroqueue.com
Date: 11 Jun 2026 14:20:17 +0530
Subject: =?utf-8?B?w6LFk8uGw6/CuMKPIEZsaWdodCBCb29raW5nIENvbmZpcm1h?=
 =?utf-8?B?dGlvbiAoQ09ORklSTUVEKSAtIEFRLVRLVC0xNzgxMTY3ODE2LTQ5?=
Content-Type: text/html; charset=utf-8
Content-Transfer-Encoding: base64

PCFET0NUWVBFIGh0bWw+CjxodG1sPgo8aGVhZD4KICAgIDxtZXRhIGNoYXJzZXQ9InV0
Zi04Ij4KICAgIDxzdHlsZT4KICAgICAgICAgICAgYm9keSB7IGZvbnQtZmFtaWx5OiAn
SW50ZXInLCAtYXBwbGUtc3lzdGVtLCBCbGlua01hY1N5c3RlbUZvbnQsICdTZWdvZSBV
SScsIFJvYm90bywgSGVsdmV0aWNhLCBBcmlhbCwgc2Fucy1zZXJpZjsgYmFja2dyb3Vu
ZC1jb2xvcjogI2YzZjRmNjsgbWFyZ2luOiAwOyBwYWRkaW5nOiAwOyB9CiAgICAuY29u
dGFpbmVyIHsgbWF4LXdpZHRoOiA2MDBweDsgbWFyZ2luOiAzMHB4IGF1dG87IGJhY2tn
cm91bmQtY29sb3I6ICNmZmZmZmY7IGJvcmRlci1yYWRpdXM6IDE2cHg7IG92ZXJmbG93
OiBoaWRkZW47IGJveC1zaGFkb3c6IDAgNHB4IDEycHggcmdiYSgwLDAsMCwwLjA1KTsg
fQogICAgLmhlYWRlciB7IHBhZGRpbmc6IDQwcHggMjBweDsgdGV4dC1hbGlnbjogY2Vu
dGVyOyBjb2xvcjogI2ZmZmZmZjsgfQogICAgLmhlYWRlciBoMSB7IG1hcmdpbjogMDsg
Zm9udC1zaXplOiAyNnB4OyBmb250LXdlaWdodDogODAwOyBsZXR0ZXItc3BhY2luZzog
LTAuNXB4OyB9CiAgICAuaGVhZGVyIHAgeyBtYXJnaW46IDVweCAwIDAgMDsgZm9udC1z
aXplOiAxNHB4OyBvcGFjaXR5OiAwLjk7IH0KICAgIC5jb250ZW50IHsgcGFkZGluZzog
NDBweDsgfQogICAgLnN0YXR1cy1iYWRnZSB7IGRpc3BsYXk6IGlubGluZS1ibG9jazsg
cGFkZGluZzogNnB4IDE0cHg7IGJvcmRlci1yYWRpdXM6IDk5OTlweDsgZm9udC1zaXpl
OiAxMXB4OyBmb250LXdlaWdodDogODAwOyB0ZXh0LXRyYW5zZm9ybTogdXBwZXJjYXNl
OyBtYXJnaW4tYm90dG9tOiAyMHB4OyBsZXR0ZXItc3BhY2luZzogMC41cHg7IH0KICAg
IC5zdGF0dXMtY29uZmlybWVkIHsgYmFja2dyb3VuZC1jb2xvcjogI2VjZmRmNTsgY29s
b3I6ICMwNDc4NTc7IH0KICAgIC5zdGF0dXMtd2FpdGxpc3RlZCB7IGJhY2tncm91bmQt
Y29sb3I6ICNmZmZiZWI7IGNvbG9yOiAjYjQ1MzA5OyB9CiAgICAuc3RhdHVzLWNhbmNl
bGxlZCB7IGJhY2tncm91bmQtY29sb3I6ICNmZWYyZjI7IGNvbG9yOiAjYjkxYzFjOyB9
CiAgICAuc3RhdHVzLXJlZnVuZGVkIHsgYmFja2dyb3VuZC1jb2xvcjogI2VjZmRmNTsg
Y29sb3I6ICMwNDc4NTc7IH0KICAgIC5kZXRhaWxzLXRhYmxlIHsgd2lkdGg6IDEwMCU7
IGJvcmRlci1jb2xsYXBzZTogY29sbGFwc2U7IG1hcmdpbi10b3A6IDIwcHg7IH0KICAg
IC5kZXRhaWxzLXRhYmxlIHRkIHsgcGFkZGluZzogMTRweCAwOyBib3JkZXItYm90dG9t
OiAxcHggc29saWQgI2YxZjVmOTsgZm9udC1zaXplOiAxNHB4OyB9CiAgICAuZGV0YWls
cy10YWJsZSB0ZC5sYWJlbCB7IGNvbG9yOiAjNjQ3NDhiOyBmb250LXdlaWdodDogNjAw
OyB3aWR0aDogNDAlOyB0ZXh0LXRyYW5zZm9ybTogdXBwZXJjYXNlOyBmb250LXNpemU6
IDExcHg7IGxldHRlci1zcGFjaW5nOiAwLjVweDsgfQogICAgLmRldGFpbHMtdGFibGUg
dGQudmFsdWUgeyBjb2xvcjogIzBmMTcyYTsgZm9udC13ZWlnaHQ6IDcwMDsgdGV4dC1h
bGlnbjogcmlnaHQ7IH0KICAgIC5mb290ZXIgeyBiYWNrZ3JvdW5kLWNvbG9yOiAjZjhm
YWZjOyBwYWRkaW5nOiAyNXB4OyB0ZXh0LWFsaWduOiBjZW50ZXI7IGZvbnQtc2l6ZTog
MTJweDsgY29sb3I6ICM5NGEzYjg7IGJvcmRlci10b3A6IDFweCBzb2xpZCAjZTJlOGYw
OyBsaW5lLWhlaWdodDogMS41OyB9CiAgICA8L3N0eWxlPgo8L2hlYWQ+Cjxib2R5Pgog
ICAgPGRpdiBjbGFzcz0iY29udGFpbmVyIj4KICAgICAgICA8ZGl2IGNsYXNzPSJoZWFk
ZXIiIHN0eWxlPSJiYWNrZ3JvdW5kOiBsaW5lYXItZ3JhZGllbnQoMTM1ZGVnLCAjM2I4
MmY2IDAlLCAjMWQ0ZWQ4IDEwMCUpOyI+CiAgICAgICAgICAgIDxoMT7DosWTy4bDr8K4
wo8gQWVyb1F1ZXVlPC9oMT4KICAgICAgICAgICAgPHA+RmxpZ2h0IEJvb2tpbmcgQ29u
ZmlybWF0aW9uPC9wPgogICAgICAgIDwvZGl2PgogICAgICAgIDxkaXYgY2xhc3M9ImNv
bnRlbnQiPgogICAgICAgICAgICA8ZGl2IGNsYXNzPSJzdGF0dXMtYmFkZ2Ugc3RhdHVz
LWNvbmZpcm1lZCI+Q09ORklSTUVEPC9kaXY+CiAgICAgICAgICAgIDxwIHN0eWxlPSJm
b250LXNpemU6IDE2cHg7IGNvbG9yOiAjMWUyOTNiOyBtYXJnaW4tdG9wOiAwOyBmb250
LXdlaWdodDogNjAwOyI+SGkgSm9obiBEb2UsPC9wPgogICAgICAgICAgICA8cCBzdHls
ZT0iZm9udC1zaXplOiAxNHB4OyBjb2xvcjogIzY0NzQ4YjsgbGluZS1oZWlnaHQ6IDEu
NjsgbWFyZ2luLWJvdHRvbTogMjVweDsiPgogICAgICAgICAgICAgICAgWW91ciBib29r
aW5nIHJlcXVlc3QgaGFzIGJlZW4gcHJvY2Vzc2VkIHN1Y2Nlc3NmdWxseS4gQmVsb3cg
YXJlIHlvdXIgdHJhdmVsIGl0aW5lcmFyeSBhbmQgdGlja2V0IGRldGFpbHM6CiAgICAg
ICAgICAgIDwvcD4KICAgICAgICAgICAgCiAgICAgICAgICAgIDx0YWJsZSBjbGFzcz0i
ZGV0YWlscy10YWJsZSI+CiAgICAgICAgICAgICAgICA8dHI+CiAgICAgICAgICAgICAg
ICAgICAgPHRkIGNsYXNzPSJsYWJlbCI+VGlja2V0IE51bWJlcjwvdGQ+CiAgICAgICAg
ICAgICAgICAgICAgPHRkIGNsYXNzPSJ2YWx1ZSIgc3R5bGU9ImNvbG9yOiAjMjU2M2Vi
OyBmb250LWZhbWlseTogbW9ub3NwYWNlOyBmb250LXNpemU6IDE1cHg7Ij5BUS1US1Qt
MTc4MTE2NzgxNi00OTwvdGQ+CiAgICAgICAgICAgICAgICA8L3RyPgogICAgICAgICAg
ICAgICAgPHRyPgogICAgICAgICAgICAgICAgICAgIDx0ZCBjbGFzcz0ibGFiZWwiPkZy
b208L3RkPgogICAgICAgICAgICAgICAgICAgIDx0ZCBjbGFzcz0idmFsdWUiPk5ldyBZ
b3JrPC90ZD4KICAgICAgICAgICAgICAgIDwvdHI+CiAgICAgICAgICAgICAgICA8dHI+
CiAgICAgICAgICAgICAgICAgICAgPHRkIGNsYXNzPSJsYWJlbCI+VG88L3RkPgogICAg
ICAgICAgICAgICAgICAgIDx0ZCBjbGFzcz0idmFsdWUiPkxvbmRvbjwvdGQ+CiAgICAg
ICAgICAgICAgICA8L3RyPgogICAgICAgICAgICAgICAgPHRyPgogICAgICAgICAgICAg
ICAgICAgIDx0ZCBjbGFzcz0ibGFiZWwiPlRyYXZlbCBEYXRlPC90ZD4KICAgICAgICAg
ICAgICAgICAgICA8dGQgY2xhc3M9InZhbHVlIj4yMDI2LTA2LTMwPC90ZD4KICAgICAg
ICAgICAgICAgIDwvdHI+CiAgICAgICAgICAgICAgICA8dHI+CiAgICAgICAgICAgICAg
ICAgICAgPHRkIGNsYXNzPSJsYWJlbCI+U2VhdCBDaG9pY2U8L3RkPgogICAgICAgICAg
ICAgICAgICAgIDx0ZCBjbGFzcz0idmFsdWUiPjVDPC90ZD4KICAgICAgICAgICAgICAg
IDwvdHI+CiAgICAgICAgICAgICAgICA8dHI+CiAgICAgICAgICAgICAgICAgICAgPHRk
IGNsYXNzPSJsYWJlbCI+QW1vdW50IFBhaWQ8L3RkPgogICAgICAgICAgICAgICAgICAg
IDx0ZCBjbGFzcz0idmFsdWUiIHN0eWxlPSJjb2xvcjogIzEwYjk4MTsgZm9udC1zaXpl
OiAxNXB4OyI+w6Iswrk0LDUwMDwvdGQ+CiAgICAgICAgICAgICAgICA8L3RyPgogICAg
ICAgICAgICAgICAgPHRyPgogICAgICAgICAgICAgICAgICAgIDx0ZCBjbGFzcz0ibGFi
ZWwiPkJvb2tpbmcgRGF0ZTwvdGQ+CiAgICAgICAgICAgICAgICAgICAgPHRkIGNsYXNz
PSJ2YWx1ZSI+MjAyNi0wNi0xMSAxNDoyMDoxNjwvdGQ+CiAgICAgICAgICAgICAgICA8
L3RyPgogICAgICAgICAgICA8L3RhYmxlPgogICAgICAgICAgICAKICAgICAgICAgICAg
PGRpdiBzdHlsZT0ibWFyZ2luLXRvcDogMzBweDsgcGFkZGluZzogMTVweDsgYmFja2dy
b3VuZC1jb2xvcjogI2VmZjZmZjsgYm9yZGVyLXJhZGl1czogMTJweDsgYm9yZGVyLWxl
ZnQ6IDRweCBzb2xpZCAjM2I4MmY2OyBmb250LXNpemU6IDEzcHg7IGNvbG9yOiAjMWU0
MGFmOyBsaW5lLWhlaWdodDogMS41OyI+CiAgICAgICAgICAgICAgICA8c3Ryb25nPlF1
ZXVlIEluZm9ybWF0aW9uOjwvc3Ryb25nPiBJbiBhY2NvcmRhbmNlIHdpdGggb3VyIEZJ
Rk8gUXVldWUgU3lzdGVtLCBpZiB5b3VyIGJvb2tpbmcgc3RhdHVzIGlzIFdBSVRMSVNU
RUQsIHlvdSB3aWxsIGJlIGF1dG9tYXRpY2FsbHkgcHJvbW90ZWQgdG8gQ09ORklSTUVE
IGFzIHNvb24gYXMgYW5vdGhlciBwYXNzZW5nZXIgY2FuY2Vscy4KICAgICAgICAgICAg
PC9kaXY+CiAgICAgICAgPC9kaXY+CiAgICAgICAgPGRpdiBjbGFzcz0iZm9vdGVyIj4K
ICAgICAgICAgICAgJmNvcHk7IDIwMjYgQWVyb1F1ZXVlIFN5c3RlbSBJbmMuIEFsbCBy
aWdodHMgcmVzZXJ2ZWQuIDxicj4KICAgICAgICAgICAgVGhpcyBpcyBhbiBhdXRvbWF0
ZWQgbm90aWZpY2F0aW9uLiBQbGVhc2UgZG8gbm90IHJlcGx5IGRpcmVjdGx5IHRvIHRo
aXMgZW1haWwuCiAgICAgICAgPC9kaXY+CiAgICA8L2Rpdj4KPC9ib2R5Pgo8L2h0bWw+


==========================================
SMTP CMD: EHLO LAPTOP-74OU42E1
SMTP CMD: MAIL FROM:<noreply@aeroqueue.com>
SMTP CMD: RCPT TO:<tester@aeroqueue.com>
SMTP CMD: DATA
Connection error: Exception calling "ReadLine" with "0" argument(s): "Unable to read data from the transport connection: An existing connection was forcibly closed by the remote host."
------------------------------------------
RECEIVED EMAIL CONTENT:
MIME-Version: 1.0
From: "AeroQueue System" <noreply@aeroqueue.com>
To: tester@aeroqueue.com
Date: 11 Jun 2026 14:20:17 +0530
Subject: =?utf-8?B?w6LFk8uGw6/CuMKPIEZsaWdodCBCb29raW5nIENvbmZpcm1h?=
 =?utf-8?B?dGlvbiAoV0FJVExJU1RFRCkgLSBBUS1US1QtMTc4MTE2NzgxNy01MQ==?=
Content-Type: text/html; charset=utf-8
Content-Transfer-Encoding: base64

PCFET0NUWVBFIGh0bWw+CjxodG1sPgo8aGVhZD4KICAgIDxtZXRhIGNoYXJzZXQ9InV0
Zi04Ij4KICAgIDxzdHlsZT4KICAgICAgICAgICAgYm9keSB7IGZvbnQtZmFtaWx5OiAn
SW50ZXInLCAtYXBwbGUtc3lzdGVtLCBCbGlua01hY1N5c3RlbUZvbnQsICdTZWdvZSBV
SScsIFJvYm90bywgSGVsdmV0aWNhLCBBcmlhbCwgc2Fucy1zZXJpZjsgYmFja2dyb3Vu
ZC1jb2xvcjogI2YzZjRmNjsgbWFyZ2luOiAwOyBwYWRkaW5nOiAwOyB9CiAgICAuY29u
dGFpbmVyIHsgbWF4LXdpZHRoOiA2MDBweDsgbWFyZ2luOiAzMHB4IGF1dG87IGJhY2tn
cm91bmQtY29sb3I6ICNmZmZmZmY7IGJvcmRlci1yYWRpdXM6IDE2cHg7IG92ZXJmbG93
OiBoaWRkZW47IGJveC1zaGFkb3c6IDAgNHB4IDEycHggcmdiYSgwLDAsMCwwLjA1KTsg
fQogICAgLmhlYWRlciB7IHBhZGRpbmc6IDQwcHggMjBweDsgdGV4dC1hbGlnbjogY2Vu
dGVyOyBjb2xvcjogI2ZmZmZmZjsgfQogICAgLmhlYWRlciBoMSB7IG1hcmdpbjogMDsg
Zm9udC1zaXplOiAyNnB4OyBmb250LXdlaWdodDogODAwOyBsZXR0ZXItc3BhY2luZzog
LTAuNXB4OyB9CiAgICAuaGVhZGVyIHAgeyBtYXJnaW46IDVweCAwIDAgMDsgZm9udC1z
aXplOiAxNHB4OyBvcGFjaXR5OiAwLjk7IH0KICAgIC5jb250ZW50IHsgcGFkZGluZzog
NDBweDsgfQogICAgLnN0YXR1cy1iYWRnZSB7IGRpc3BsYXk6IGlubGluZS1ibG9jazsg
cGFkZGluZzogNnB4IDE0cHg7IGJvcmRlci1yYWRpdXM6IDk5OTlweDsgZm9udC1zaXpl
OiAxMXB4OyBmb250LXdlaWdodDogODAwOyB0ZXh0LXRyYW5zZm9ybTogdXBwZXJjYXNl
OyBtYXJnaW4tYm90dG9tOiAyMHB4OyBsZXR0ZXItc3BhY2luZzogMC41cHg7IH0KICAg
IC5zdGF0dXMtY29uZmlybWVkIHsgYmFja2dyb3VuZC1jb2xvcjogI2VjZmRmNTsgY29s
b3I6ICMwNDc4NTc7IH0KICAgIC5zdGF0dXMtd2FpdGxpc3RlZCB7IGJhY2tncm91bmQt
Y29sb3I6ICNmZmZiZWI7IGNvbG9yOiAjYjQ1MzA5OyB9CiAgICAuc3RhdHVzLWNhbmNl
bGxlZCB7IGJhY2tncm91bmQtY29sb3I6ICNmZWYyZjI7IGNvbG9yOiAjYjkxYzFjOyB9
CiAgICAuc3RhdHVzLXJlZnVuZGVkIHsgYmFja2dyb3VuZC1jb2xvcjogI2VjZmRmNTsg
Y29sb3I6ICMwNDc4NTc7IH0KICAgIC5kZXRhaWxzLXRhYmxlIHsgd2lkdGg6IDEwMCU7
IGJvcmRlci1jb2xsYXBzZTogY29sbGFwc2U7IG1hcmdpbi10b3A6IDIwcHg7IH0KICAg
IC5kZXRhaWxzLXRhYmxlIHRkIHsgcGFkZGluZzogMTRweCAwOyBib3JkZXItYm90dG9t
OiAxcHggc29saWQgI2YxZjVmOTsgZm9udC1zaXplOiAxNHB4OyB9CiAgICAuZGV0YWls
cy10YWJsZSB0ZC5sYWJlbCB7IGNvbG9yOiAjNjQ3NDhiOyBmb250LXdlaWdodDogNjAw
OyB3aWR0aDogNDAlOyB0ZXh0LXRyYW5zZm9ybTogdXBwZXJjYXNlOyBmb250LXNpemU6
IDExcHg7IGxldHRlci1zcGFjaW5nOiAwLjVweDsgfQogICAgLmRldGFpbHMtdGFibGUg
dGQudmFsdWUgeyBjb2xvcjogIzBmMTcyYTsgZm9udC13ZWlnaHQ6IDcwMDsgdGV4dC1h
bGlnbjogcmlnaHQ7IH0KICAgIC5mb290ZXIgeyBiYWNrZ3JvdW5kLWNvbG9yOiAjZjhm
YWZjOyBwYWRkaW5nOiAyNXB4OyB0ZXh0LWFsaWduOiBjZW50ZXI7IGZvbnQtc2l6ZTog
MTJweDsgY29sb3I6ICM5NGEzYjg7IGJvcmRlci10b3A6IDFweCBzb2xpZCAjZTJlOGYw
OyBsaW5lLWhlaWdodDogMS41OyB9CiAgICA8L3N0eWxlPgo8L2hlYWQ+Cjxib2R5Pgog
ICAgPGRpdiBjbGFzcz0iY29udGFpbmVyIj4KICAgICAgICA8ZGl2IGNsYXNzPSJoZWFk
ZXIiIHN0eWxlPSJiYWNrZ3JvdW5kOiBsaW5lYXItZ3JhZGllbnQoMTM1ZGVnLCAjM2I4
MmY2IDAlLCAjMWQ0ZWQ4IDEwMCUpOyI+CiAgICAgICAgICAgIDxoMT7DosWTy4bDr8K4
wo8gQWVyb1F1ZXVlPC9oMT4KICAgICAgICAgICAgPHA+RmxpZ2h0IEJvb2tpbmcgQ29u
ZmlybWF0aW9uPC9wPgogICAgICAgIDwvZGl2PgogICAgICAgIDxkaXYgY2xhc3M9ImNv
bnRlbnQiPgogICAgICAgICAgICA8ZGl2IGNsYXNzPSJzdGF0dXMtYmFkZ2Ugc3RhdHVz
LXdhaXRsaXN0ZWQiPldBSVRMSVNURUQ8L2Rpdj4KICAgICAgICAgICAgPHAgc3R5bGU9
ImZvbnQtc2l6ZTogMTZweDsgY29sb3I6ICMxZTI5M2I7IG1hcmdpbi10b3A6IDA7IGZv
bnQtd2VpZ2h0OiA2MDA7Ij5IaSBCb2IgRG9lLDwvcD4KICAgICAgICAgICAgPHAgc3R5
bGU9ImZvbnQtc2l6ZTogMTRweDsgY29sb3I6ICM2NDc0OGI7IGxpbmUtaGVpZ2h0OiAx
LjY7IG1hcmdpbi1ib3R0b206IDI1cHg7Ij4KICAgICAgICAgICAgICAgIFlvdXIgYm9v
a2luZyByZXF1ZXN0IGhhcyBiZWVuIHByb2Nlc3NlZCBzdWNjZXNzZnVsbHkuIEJlbG93
IGFyZSB5b3VyIHRyYXZlbCBpdGluZXJhcnkgYW5kIHRpY2tldCBkZXRhaWxzOgogICAg
ICAgICAgICA8L3A+CiAgICAgICAgICAgIAogICAgICAgICAgICA8dGFibGUgY2xhc3M9
ImRldGFpbHMtdGFibGUiPgogICAgICAgICAgICAgICAgPHRyPgogICAgICAgICAgICAg
ICAgICAgIDx0ZCBjbGFzcz0ibGFiZWwiPlRpY2tldCBOdW1iZXI8L3RkPgogICAgICAg
ICAgICAgICAgICAgIDx0ZCBjbGFzcz0idmFsdWUiIHN0eWxlPSJjb2xvcjogIzI1NjNl
YjsgZm9udC1mYW1pbHk6IG1vbm9zcGFjZTsgZm9udC1zaXplOiAxNXB4OyI+QVEtVEtU
LTE3ODExNjc4MTctNTE8L3RkPgogICAgICAgICAgICAgICAgPC90cj4KICAgICAgICAg
ICAgICAgIDx0cj4KICAgICAgICAgICAgICAgICAgICA8dGQgY2xhc3M9ImxhYmVsIj5G
cm9tPC90ZD4KICAgICAgICAgICAgICAgICAgICA8dGQgY2xhc3M9InZhbHVlIj5OZXcg
WW9yazwvdGQ+CiAgICAgICAgICAgICAgICA8L3RyPgogICAgICAgICAgICAgICAgPHRy
PgogICAgICAgICAgICAgICAgICAgIDx0ZCBjbGFzcz0ibGFiZWwiPlRvPC90ZD4KICAg
ICAgICAgICAgICAgICAgICA8dGQgY2xhc3M9InZhbHVlIj5Mb25kb248L3RkPgogICAg
ICAgICAgICAgICAgPC90cj4KICAgICAgICAgICAgICAgIDx0cj4KICAgICAgICAgICAg
ICAgICAgICA8dGQgY2xhc3M9ImxhYmVsIj5UcmF2ZWwgRGF0ZTwvdGQ+CiAgICAgICAg
ICAgICAgICAgICAgPHRkIGNsYXNzPSJ2YWx1ZSI+MjAyNi0wNi0zMDwvdGQ+CiAgICAg
ICAgICAgICAgICA8L3RyPgogICAgICAgICAgICAgICAgPHRyPgogICAgICAgICAgICAg
ICAgICAgIDx0ZCBjbGFzcz0ibGFiZWwiPlNlYXQgQ2hvaWNlPC90ZD4KICAgICAgICAg
ICAgICAgICAgICA8dGQgY2xhc3M9InZhbHVlIj41QzwvdGQ+CiAgICAgICAgICAgICAg
ICA8L3RyPgogICAgICAgICAgICAgICAgPHRyPgogICAgICAgICAgICAgICAgICAgIDx0
ZCBjbGFzcz0ibGFiZWwiPkFtb3VudCBQYWlkPC90ZD4KICAgICAgICAgICAgICAgICAg
ICA8dGQgY2xhc3M9InZhbHVlIiBzdHlsZT0iY29sb3I6ICMxMGI5ODE7IGZvbnQtc2l6
ZTogMTVweDsiPsOiLMK5NCw1MDA8L3RkPgogICAgICAgICAgICAgICAgPC90cj4KICAg
ICAgICAgICAgICAgIDx0cj4KICAgICAgICAgICAgICAgICAgICA8dGQgY2xhc3M9Imxh
YmVsIj5Cb29raW5nIERhdGU8L3RkPgogICAgICAgICAgICAgICAgICAgIDx0ZCBjbGFz
cz0idmFsdWUiPjIwMjYtMDYtMTEgMTQ6MjA6MTc8L3RkPgogICAgICAgICAgICAgICAg
PC90cj4KICAgICAgICAgICAgPC90YWJsZT4KICAgICAgICAgICAgCiAgICAgICAgICAg
IDxkaXYgc3R5bGU9Im1hcmdpbi10b3A6IDMwcHg7IHBhZGRpbmc6IDE1cHg7IGJhY2tn
cm91bmQtY29sb3I6ICNlZmY2ZmY7IGJvcmRlci1yYWRpdXM6IDEycHg7IGJvcmRlci1s
ZWZ0OiA0cHggc29saWQgIzNiODJmNjsgZm9udC1zaXplOiAxM3B4OyBjb2xvcjogIzFl
NDBhZjsgbGluZS1oZWlnaHQ6IDEuNTsiPgogICAgICAgICAgICAgICAgPHN0cm9uZz5R
dWV1ZSBJbmZvcm1hdGlvbjo8L3N0cm9uZz4gSW4gYWNjb3JkYW5jZSB3aXRoIG91ciBG
SUZPIFF1ZXVlIFN5c3RlbSwgaWYgeW91ciBib29raW5nIHN0YXR1cyBpcyBXQUlUTElT
VEVELCB5b3Ugd2lsbCBiZSBhdXRvbWF0aWNhbGx5IHByb21vdGVkIHRvIENPTkZJUk1F
RCBhcyBzb29uIGFzIGFub3RoZXIgcGFzc2VuZ2VyIGNhbmNlbHMuCiAgICAgICAgICAg
IDwvZGl2PgogICAgICAgIDwvZGl2PgogICAgICAgIDxkaXYgY2xhc3M9ImZvb3RlciI+
CiAgICAgICAgICAgICZjb3B5OyAyMDI2IEFlcm9RdWV1ZSBTeXN0ZW0gSW5jLiBBbGwg
cmlnaHRzIHJlc2VydmVkLiA8YnI+CiAgICAgICAgICAgIFRoaXMgaXMgYW4gYXV0b21h
dGVkIG5vdGlmaWNhdGlvbi4gUGxlYXNlIGRvIG5vdCByZXBseSBkaXJlY3RseSB0byB0
aGlzIGVtYWlsLgogICAgICAgIDwvZGl2PgogICAgPC9kaXY+CjwvYm9keT4KPC9odG1s
Pg==


==========================================
SMTP CMD: EHLO LAPTOP-74OU42E1
SMTP CMD: MAIL FROM:<noreply@aeroqueue.com>
SMTP CMD: RCPT TO:<tester@aeroqueue.com>
SMTP CMD: DATA
Connection error: Exception calling "ReadLine" with "0" argument(s): "Unable to read data from the transport connection: An existing connection was forcibly closed by the remote host."
------------------------------------------
RECEIVED EMAIL CONTENT:
MIME-Version: 1.0
From: "AeroQueue System" <noreply@aeroqueue.com>
To: tester@aeroqueue.com
Date: 11 Jun 2026 14:20:17 +0530
Subject: =?utf-8?B?w6LFk8uGw6/CuMKPIEZsaWdodCBCb29raW5nIENvbmZpcm1h?=
 =?utf-8?B?dGlvbiAoV0FJVExJU1RFRCkgLSBBUS1US1QtMTc4MTE2NzgxNy01MA==?=
Content-Type: text/html; charset=utf-8
Content-Transfer-Encoding: base64

PCFET0NUWVBFIGh0bWw+CjxodG1sPgo8aGVhZD4KICAgIDxtZXRhIGNoYXJzZXQ9InV0
Zi04Ij4KICAgIDxzdHlsZT4KICAgICAgICAgICAgYm9keSB7IGZvbnQtZmFtaWx5OiAn
SW50ZXInLCAtYXBwbGUtc3lzdGVtLCBCbGlua01hY1N5c3RlbUZvbnQsICdTZWdvZSBV
SScsIFJvYm90bywgSGVsdmV0aWNhLCBBcmlhbCwgc2Fucy1zZXJpZjsgYmFja2dyb3Vu
ZC1jb2xvcjogI2YzZjRmNjsgbWFyZ2luOiAwOyBwYWRkaW5nOiAwOyB9CiAgICAuY29u
dGFpbmVyIHsgbWF4LXdpZHRoOiA2MDBweDsgbWFyZ2luOiAzMHB4IGF1dG87IGJhY2tn
cm91bmQtY29sb3I6ICNmZmZmZmY7IGJvcmRlci1yYWRpdXM6IDE2cHg7IG92ZXJmbG93
OiBoaWRkZW47IGJveC1zaGFkb3c6IDAgNHB4IDEycHggcmdiYSgwLDAsMCwwLjA1KTsg
fQogICAgLmhlYWRlciB7IHBhZGRpbmc6IDQwcHggMjBweDsgdGV4dC1hbGlnbjogY2Vu
dGVyOyBjb2xvcjogI2ZmZmZmZjsgfQogICAgLmhlYWRlciBoMSB7IG1hcmdpbjogMDsg
Zm9udC1zaXplOiAyNnB4OyBmb250LXdlaWdodDogODAwOyBsZXR0ZXItc3BhY2luZzog
LTAuNXB4OyB9CiAgICAuaGVhZGVyIHAgeyBtYXJnaW46IDVweCAwIDAgMDsgZm9udC1z
aXplOiAxNHB4OyBvcGFjaXR5OiAwLjk7IH0KICAgIC5jb250ZW50IHsgcGFkZGluZzog
NDBweDsgfQogICAgLnN0YXR1cy1iYWRnZSB7IGRpc3BsYXk6IGlubGluZS1ibG9jazsg
cGFkZGluZzogNnB4IDE0cHg7IGJvcmRlci1yYWRpdXM6IDk5OTlweDsgZm9udC1zaXpl
OiAxMXB4OyBmb250LXdlaWdodDogODAwOyB0ZXh0LXRyYW5zZm9ybTogdXBwZXJjYXNl
OyBtYXJnaW4tYm90dG9tOiAyMHB4OyBsZXR0ZXItc3BhY2luZzogMC41cHg7IH0KICAg
IC5zdGF0dXMtY29uZmlybWVkIHsgYmFja2dyb3VuZC1jb2xvcjogI2VjZmRmNTsgY29s
b3I6ICMwNDc4NTc7IH0KICAgIC5zdGF0dXMtd2FpdGxpc3RlZCB7IGJhY2tncm91bmQt
Y29sb3I6ICNmZmZiZWI7IGNvbG9yOiAjYjQ1MzA5OyB9CiAgICAuc3RhdHVzLWNhbmNl
bGxlZCB7IGJhY2tncm91bmQtY29sb3I6ICNmZWYyZjI7IGNvbG9yOiAjYjkxYzFjOyB9
CiAgICAuc3RhdHVzLXJlZnVuZGVkIHsgYmFja2dyb3VuZC1jb2xvcjogI2VjZmRmNTsg
Y29sb3I6ICMwNDc4NTc7IH0KICAgIC5kZXRhaWxzLXRhYmxlIHsgd2lkdGg6IDEwMCU7
IGJvcmRlci1jb2xsYXBzZTogY29sbGFwc2U7IG1hcmdpbi10b3A6IDIwcHg7IH0KICAg
IC5kZXRhaWxzLXRhYmxlIHRkIHsgcGFkZGluZzogMTRweCAwOyBib3JkZXItYm90dG9t
OiAxcHggc29saWQgI2YxZjVmOTsgZm9udC1zaXplOiAxNHB4OyB9CiAgICAuZGV0YWls
cy10YWJsZSB0ZC5sYWJlbCB7IGNvbG9yOiAjNjQ3NDhiOyBmb250LXdlaWdodDogNjAw
OyB3aWR0aDogNDAlOyB0ZXh0LXRyYW5zZm9ybTogdXBwZXJjYXNlOyBmb250LXNpemU6
IDExcHg7IGxldHRlci1zcGFjaW5nOiAwLjVweDsgfQogICAgLmRldGFpbHMtdGFibGUg
dGQudmFsdWUgeyBjb2xvcjogIzBmMTcyYTsgZm9udC13ZWlnaHQ6IDcwMDsgdGV4dC1h
bGlnbjogcmlnaHQ7IH0KICAgIC5mb290ZXIgeyBiYWNrZ3JvdW5kLWNvbG9yOiAjZjhm
YWZjOyBwYWRkaW5nOiAyNXB4OyB0ZXh0LWFsaWduOiBjZW50ZXI7IGZvbnQtc2l6ZTog
MTJweDsgY29sb3I6ICM5NGEzYjg7IGJvcmRlci10b3A6IDFweCBzb2xpZCAjZTJlOGYw
OyBsaW5lLWhlaWdodDogMS41OyB9CiAgICA8L3N0eWxlPgo8L2hlYWQ+Cjxib2R5Pgog
ICAgPGRpdiBjbGFzcz0iY29udGFpbmVyIj4KICAgICAgICA8ZGl2IGNsYXNzPSJoZWFk
ZXIiIHN0eWxlPSJiYWNrZ3JvdW5kOiBsaW5lYXItZ3JhZGllbnQoMTM1ZGVnLCAjM2I4
MmY2IDAlLCAjMWQ0ZWQ4IDEwMCUpOyI+CiAgICAgICAgICAgIDxoMT7DosWTy4bDr8K4
wo8gQWVyb1F1ZXVlPC9oMT4KICAgICAgICAgICAgPHA+RmxpZ2h0IEJvb2tpbmcgQ29u
ZmlybWF0aW9uPC9wPgogICAgICAgIDwvZGl2PgogICAgICAgIDxkaXYgY2xhc3M9ImNv
bnRlbnQiPgogICAgICAgICAgICA8ZGl2IGNsYXNzPSJzdGF0dXMtYmFkZ2Ugc3RhdHVz
LXdhaXRsaXN0ZWQiPldBSVRMSVNURUQ8L2Rpdj4KICAgICAgICAgICAgPHAgc3R5bGU9
ImZvbnQtc2l6ZTogMTZweDsgY29sb3I6ICMxZTI5M2I7IG1hcmdpbi10b3A6IDA7IGZv
bnQtd2VpZ2h0OiA2MDA7Ij5IaSBKYW5lIERvZSw8L3A+CiAgICAgICAgICAgIDxwIHN0
eWxlPSJmb250LXNpemU6IDE0cHg7IGNvbG9yOiAjNjQ3NDhiOyBsaW5lLWhlaWdodDog
MS42OyBtYXJnaW4tYm90dG9tOiAyNXB4OyI+CiAgICAgICAgICAgICAgICBZb3VyIGJv
b2tpbmcgcmVxdWVzdCBoYXMgYmVlbiBwcm9jZXNzZWQgc3VjY2Vzc2Z1bGx5LiBCZWxv
dyBhcmUgeW91ciB0cmF2ZWwgaXRpbmVyYXJ5IGFuZCB0aWNrZXQgZGV0YWlsczoKICAg
ICAgICAgICAgPC9wPgogICAgICAgICAgICAKICAgICAgICAgICAgPHRhYmxlIGNsYXNz
PSJkZXRhaWxzLXRhYmxlIj4KICAgICAgICAgICAgICAgIDx0cj4KICAgICAgICAgICAg
ICAgICAgICA8dGQgY2xhc3M9ImxhYmVsIj5UaWNrZXQgTnVtYmVyPC90ZD4KICAgICAg
ICAgICAgICAgICAgICA8dGQgY2xhc3M9InZhbHVlIiBzdHlsZT0iY29sb3I6ICMyNTYz
ZWI7IGZvbnQtZmFtaWx5OiBtb25vc3BhY2U7IGZvbnQtc2l6ZTogMTVweDsiPkFRLVRL
VC0xNzgxMTY3ODE3LTUwPC90ZD4KICAgICAgICAgICAgICAgIDwvdHI+CiAgICAgICAg
ICAgICAgICA8dHI+CiAgICAgICAgICAgICAgICAgICAgPHRkIGNsYXNzPSJsYWJlbCI+
RnJvbTwvdGQ+CiAgICAgICAgICAgICAgICAgICAgPHRkIGNsYXNzPSJ2YWx1ZSI+TmV3
IFlvcms8L3RkPgogICAgICAgICAgICAgICAgPC90cj4KICAgICAgICAgICAgICAgIDx0
cj4KICAgICAgICAgICAgICAgICAgICA8dGQgY2xhc3M9ImxhYmVsIj5UbzwvdGQ+CiAg
ICAgICAgICAgICAgICAgICAgPHRkIGNsYXNzPSJ2YWx1ZSI+TG9uZG9uPC90ZD4KICAg
ICAgICAgICAgICAgIDwvdHI+CiAgICAgICAgICAgICAgICA8dHI+CiAgICAgICAgICAg
ICAgICAgICAgPHRkIGNsYXNzPSJsYWJlbCI+VHJhdmVsIERhdGU8L3RkPgogICAgICAg
ICAgICAgICAgICAgIDx0ZCBjbGFzcz0idmFsdWUiPjIwMjYtMDYtMzA8L3RkPgogICAg
ICAgICAgICAgICAgPC90cj4KICAgICAgICAgICAgICAgIDx0cj4KICAgICAgICAgICAg
ICAgICAgICA8dGQgY2xhc3M9ImxhYmVsIj5TZWF0IENob2ljZTwvdGQ+CiAgICAgICAg
ICAgICAgICAgICAgPHRkIGNsYXNzPSJ2YWx1ZSI+NUM8L3RkPgogICAgICAgICAgICAg
ICAgPC90cj4KICAgICAgICAgICAgICAgIDx0cj4KICAgICAgICAgICAgICAgICAgICA8
dGQgY2xhc3M9ImxhYmVsIj5BbW91bnQgUGFpZDwvdGQ+CiAgICAgICAgICAgICAgICAg
ICAgPHRkIGNsYXNzPSJ2YWx1ZSIgc3R5bGU9ImNvbG9yOiAjMTBiOTgxOyBmb250LXNp
emU6IDE1cHg7Ij7DoizCuTQsNTAwPC90ZD4KICAgICAgICAgICAgICAgIDwvdHI+CiAg
ICAgICAgICAgICAgICA8dHI+CiAgICAgICAgICAgICAgICAgICAgPHRkIGNsYXNzPSJs
YWJlbCI+Qm9va2luZyBEYXRlPC90ZD4KICAgICAgICAgICAgICAgICAgICA8dGQgY2xh
c3M9InZhbHVlIj4yMDI2LTA2LTExIDE0OjIwOjE3PC90ZD4KICAgICAgICAgICAgICAg
IDwvdHI+CiAgICAgICAgICAgIDwvdGFibGU+CiAgICAgICAgICAgIAogICAgICAgICAg
ICA8ZGl2IHN0eWxlPSJtYXJnaW4tdG9wOiAzMHB4OyBwYWRkaW5nOiAxNXB4OyBiYWNr
Z3JvdW5kLWNvbG9yOiAjZWZmNmZmOyBib3JkZXItcmFkaXVzOiAxMnB4OyBib3JkZXIt
bGVmdDogNHB4IHNvbGlkICMzYjgyZjY7IGZvbnQtc2l6ZTogMTNweDsgY29sb3I6ICMx
ZTQwYWY7IGxpbmUtaGVpZ2h0OiAxLjU7Ij4KICAgICAgICAgICAgICAgIDxzdHJvbmc+
UXVldWUgSW5mb3JtYXRpb246PC9zdHJvbmc+IEluIGFjY29yZGFuY2Ugd2l0aCBvdXIg
RklGTyBRdWV1ZSBTeXN0ZW0sIGlmIHlvdXIgYm9va2luZyBzdGF0dXMgaXMgV0FJVExJ
U1RFRCwgeW91IHdpbGwgYmUgYXV0b21hdGljYWxseSBwcm9tb3RlZCB0byBDT05GSVJN
RUQgYXMgc29vbiBhcyBhbm90aGVyIHBhc3NlbmdlciBjYW5jZWxzLgogICAgICAgICAg
ICA8L2Rpdj4KICAgICAgICA8L2Rpdj4KICAgICAgICA8ZGl2IGNsYXNzPSJmb290ZXIi
PgogICAgICAgICAgICAmY29weTsgMjAyNiBBZXJvUXVldWUgU3lzdGVtIEluYy4gQWxs
IHJpZ2h0cyByZXNlcnZlZC4gPGJyPgogICAgICAgICAgICBUaGlzIGlzIGFuIGF1dG9t
YXRlZCBub3RpZmljYXRpb24uIFBsZWFzZSBkbyBub3QgcmVwbHkgZGlyZWN0bHkgdG8g
dGhpcyBlbWFpbC4KICAgICAgICA8L2Rpdj4KICAgIDwvZGl2Pgo8L2JvZHk+CjwvaHRt
bD4=


==========================================
SMTP CMD: EHLO LAPTOP-74OU42E1
SMTP CMD: MAIL FROM:<noreply@aeroqueue.com>
SMTP CMD: RCPT TO:<tester@aeroqueue.com>
SMTP CMD: DATA
Connection error: Exception calling "ReadLine" with "0" argument(s): "Unable to read data from the transport connection: An existing connection was forcibly closed by the remote host."
------------------------------------------
RECEIVED EMAIL CONTENT:
MIME-Version: 1.0
From: "AeroQueue System" <noreply@aeroqueue.com>
To: tester@aeroqueue.com
Date: 11 Jun 2026 14:20:19 +0530
Subject: =?utf-8?B?w7DFuMW94oCwIFdhaXRsaXN0IFByb21vdGlvbiEgRmxpZ2h0?=
 =?utf-8?B?IEJvb2tpbmcgQ29uZmlybWVkIC0gQVEtVEtULTE3ODExNjc4MTctNTA=?=
Content-Type: text/html; charset=utf-8
Content-Transfer-Encoding: base64

PCFET0NUWVBFIGh0bWw+CjxodG1sPgo8aGVhZD4KICAgIDxtZXRhIGNoYXJzZXQ9InV0
Zi04Ij4KICAgIDxzdHlsZT4KICAgICAgICAgICAgYm9keSB7IGZvbnQtZmFtaWx5OiAn
SW50ZXInLCAtYXBwbGUtc3lzdGVtLCBCbGlua01hY1N5c3RlbUZvbnQsICdTZWdvZSBV
SScsIFJvYm90bywgSGVsdmV0aWNhLCBBcmlhbCwgc2Fucy1zZXJpZjsgYmFja2dyb3Vu
ZC1jb2xvcjogI2YzZjRmNjsgbWFyZ2luOiAwOyBwYWRkaW5nOiAwOyB9CiAgICAuY29u
dGFpbmVyIHsgbWF4LXdpZHRoOiA2MDBweDsgbWFyZ2luOiAzMHB4IGF1dG87IGJhY2tn
cm91bmQtY29sb3I6ICNmZmZmZmY7IGJvcmRlci1yYWRpdXM6IDE2cHg7IG92ZXJmbG93
OiBoaWRkZW47IGJveC1zaGFkb3c6IDAgNHB4IDEycHggcmdiYSgwLDAsMCwwLjA1KTsg
fQogICAgLmhlYWRlciB7IHBhZGRpbmc6IDQwcHggMjBweDsgdGV4dC1hbGlnbjogY2Vu
dGVyOyBjb2xvcjogI2ZmZmZmZjsgfQogICAgLmhlYWRlciBoMSB7IG1hcmdpbjogMDsg
Zm9udC1zaXplOiAyNnB4OyBmb250LXdlaWdodDogODAwOyBsZXR0ZXItc3BhY2luZzog
LTAuNXB4OyB9CiAgICAuaGVhZGVyIHAgeyBtYXJnaW46IDVweCAwIDAgMDsgZm9udC1z
aXplOiAxNHB4OyBvcGFjaXR5OiAwLjk7IH0KICAgIC5jb250ZW50IHsgcGFkZGluZzog
NDBweDsgfQogICAgLnN0YXR1cy1iYWRnZSB7IGRpc3BsYXk6IGlubGluZS1ibG9jazsg
cGFkZGluZzogNnB4IDE0cHg7IGJvcmRlci1yYWRpdXM6IDk5OTlweDsgZm9udC1zaXpl
OiAxMXB4OyBmb250LXdlaWdodDogODAwOyB0ZXh0LXRyYW5zZm9ybTogdXBwZXJjYXNl
OyBtYXJnaW4tYm90dG9tOiAyMHB4OyBsZXR0ZXItc3BhY2luZzogMC41cHg7IH0KICAg
IC5zdGF0dXMtY29uZmlybWVkIHsgYmFja2dyb3VuZC1jb2xvcjogI2VjZmRmNTsgY29s
b3I6ICMwNDc4NTc7IH0KICAgIC5zdGF0dXMtd2FpdGxpc3RlZCB7IGJhY2tncm91bmQt
Y29sb3I6ICNmZmZiZWI7IGNvbG9yOiAjYjQ1MzA5OyB9CiAgICAuc3RhdHVzLWNhbmNl
bGxlZCB7IGJhY2tncm91bmQtY29sb3I6ICNmZWYyZjI7IGNvbG9yOiAjYjkxYzFjOyB9
CiAgICAuc3RhdHVzLXJlZnVuZGVkIHsgYmFja2dyb3VuZC1jb2xvcjogI2VjZmRmNTsg
Y29sb3I6ICMwNDc4NTc7IH0KICAgIC5kZXRhaWxzLXRhYmxlIHsgd2lkdGg6IDEwMCU7
IGJvcmRlci1jb2xsYXBzZTogY29sbGFwc2U7IG1hcmdpbi10b3A6IDIwcHg7IH0KICAg
IC5kZXRhaWxzLXRhYmxlIHRkIHsgcGFkZGluZzogMTRweCAwOyBib3JkZXItYm90dG9t
OiAxcHggc29saWQgI2YxZjVmOTsgZm9udC1zaXplOiAxNHB4OyB9CiAgICAuZGV0YWls
cy10YWJsZSB0ZC5sYWJlbCB7IGNvbG9yOiAjNjQ3NDhiOyBmb250LXdlaWdodDogNjAw
OyB3aWR0aDogNDAlOyB0ZXh0LXRyYW5zZm9ybTogdXBwZXJjYXNlOyBmb250LXNpemU6
IDExcHg7IGxldHRlci1zcGFjaW5nOiAwLjVweDsgfQogICAgLmRldGFpbHMtdGFibGUg
dGQudmFsdWUgeyBjb2xvcjogIzBmMTcyYTsgZm9udC13ZWlnaHQ6IDcwMDsgdGV4dC1h
bGlnbjogcmlnaHQ7IH0KICAgIC5mb290ZXIgeyBiYWNrZ3JvdW5kLWNvbG9yOiAjZjhm
YWZjOyBwYWRkaW5nOiAyNXB4OyB0ZXh0LWFsaWduOiBjZW50ZXI7IGZvbnQtc2l6ZTog
MTJweDsgY29sb3I6ICM5NGEzYjg7IGJvcmRlci10b3A6IDFweCBzb2xpZCAjZTJlOGYw
OyBsaW5lLWhlaWdodDogMS41OyB9CiAgICA8L3N0eWxlPgo8L2hlYWQ+Cjxib2R5Pgog
ICAgPGRpdiBjbGFzcz0iY29udGFpbmVyIj4KICAgICAgICA8ZGl2IGNsYXNzPSJoZWFk
ZXIiIHN0eWxlPSJiYWNrZ3JvdW5kOiBsaW5lYXItZ3JhZGllbnQoMTM1ZGVnLCAjOGI1
Y2Y2IDAlLCAjNGY0NmU1IDEwMCUpOyI+CiAgICAgICAgICAgIDxoMT7DsMW4xb3igLAg
QWVyb1F1ZXVlPC9oMT4KICAgICAgICAgICAgPHA+V2FpdGxpc3QgUHJvbW90aW9uIFN1
Y2Nlc3M8L3A+CiAgICAgICAgPC9kaXY+CiAgICAgICAgPGRpdiBjbGFzcz0iY29udGVu
dCI+CiAgICAgICAgICAgIDxkaXYgY2xhc3M9InN0YXR1cy1iYWRnZSBzdGF0dXMtY29u
ZmlybWVkIj5DT05GSVJNRUQ8L2Rpdj4KICAgICAgICAgICAgPHAgc3R5bGU9ImZvbnQt
c2l6ZTogMTZweDsgY29sb3I6ICMxZTI5M2I7IG1hcmdpbi10b3A6IDA7IGZvbnQtd2Vp
Z2h0OiA2MDA7Ij5IaSBKYW5lIERvZSw8L3A+CiAgICAgICAgICAgIDxwIHN0eWxlPSJm
b250LXNpemU6IDE0cHg7IGNvbG9yOiAjNjQ3NDhiOyBsaW5lLWhlaWdodDogMS42OyBt
YXJnaW4tYm90dG9tOiAyNXB4OyI+CiAgICAgICAgICAgICAgICBHcmVhdCBuZXdzISBZ
b3UgaGF2ZSBiZWVuIGF1dG9tYXRpY2FsbHkgcHJvbW90ZWQgZnJvbSB0aGUgd2FpdGxp
c3QgdG8gPHN0cm9uZz5DT05GSVJNRUQ8L3N0cm9uZz4uIEJlbG93IGFyZSB5b3VyIHVw
ZGF0ZWQgdHJhdmVsIGl0aW5lcmFyeSBhbmQgdGlja2V0IGRldGFpbHM6CiAgICAgICAg
ICAgIDwvcD4KICAgICAgICAgICAgCiAgICAgICAgICAgIDx0YWJsZSBjbGFzcz0iZGV0
YWlscy10YWJsZSI+CiAgICAgICAgICAgICAgICA8dHI+CiAgICAgICAgICAgICAgICAg
ICAgPHRkIGNsYXNzPSJsYWJlbCI+VGlja2V0IE51bWJlcjwvdGQ+CiAgICAgICAgICAg
ICAgICAgICAgPHRkIGNsYXNzPSJ2YWx1ZSIgc3R5bGU9ImNvbG9yOiAjNGY0NmU1OyBm
b250LWZhbWlseTogbW9ub3NwYWNlOyBmb250LXNpemU6IDE1cHg7Ij5BUS1US1QtMTc4
MTE2NzgxNy01MDwvdGQ+CiAgICAgICAgICAgICAgICA8L3RyPgogICAgICAgICAgICAg
ICAgPHRyPgogICAgICAgICAgICAgICAgICAgIDx0ZCBjbGFzcz0ibGFiZWwiPkZyb208
L3RkPgogICAgICAgICAgICAgICAgICAgIDx0ZCBjbGFzcz0idmFsdWUiPk5ldyBZb3Jr
PC90ZD4KICAgICAgICAgICAgICAgIDwvdHI+CiAgICAgICAgICAgICAgICA8dHI+CiAg
ICAgICAgICAgICAgICAgICAgPHRkIGNsYXNzPSJsYWJlbCI+VG88L3RkPgogICAgICAg
ICAgICAgICAgICAgIDx0ZCBjbGFzcz0idmFsdWUiPkxvbmRvbjwvdGQ+CiAgICAgICAg
ICAgICAgICA8L3RyPgogICAgICAgICAgICAgICAgPHRyPgogICAgICAgICAgICAgICAg
ICAgIDx0ZCBjbGFzcz0ibGFiZWwiPlRyYXZlbCBEYXRlPC90ZD4KICAgICAgICAgICAg
ICAgICAgICA8dGQgY2xhc3M9InZhbHVlIj4yMDI2LTA2LTMwPC90ZD4KICAgICAgICAg
ICAgICAgIDwvdHI+CiAgICAgICAgICAgICAgICA8dHI+CiAgICAgICAgICAgICAgICAg
ICAgPHRkIGNsYXNzPSJsYWJlbCI+U2VhdCBDaG9pY2U8L3RkPgogICAgICAgICAgICAg
ICAgICAgIDx0ZCBjbGFzcz0idmFsdWUiPjVDPC90ZD4KICAgICAgICAgICAgICAgIDwv
dHI+CiAgICAgICAgICAgICAgICA8dHI+CiAgICAgICAgICAgICAgICAgICAgPHRkIGNs
YXNzPSJsYWJlbCI+QW1vdW50IFBhaWQ8L3RkPgogICAgICAgICAgICAgICAgICAgIDx0
ZCBjbGFzcz0idmFsdWUiIHN0eWxlPSJjb2xvcjogIzEwYjk4MTsgZm9udC1zaXplOiAx
NXB4OyI+w6LigJrCuTQsNTAwPC90ZD4KICAgICAgICAgICAgICAgIDwvdHI+CiAgICAg
ICAgICAgICAgICA8dHI+CiAgICAgICAgICAgICAgICAgICAgPHRkIGNsYXNzPSJsYWJl
bCI+Qm9va2luZyBEYXRlPC90ZD4KICAgICAgICAgICAgICAgICAgICA8dGQgY2xhc3M9
InZhbHVlIj4yMDI2LTA2LTExIDE0OjIwOjE5PC90ZD4KICAgICAgICAgICAgICAgIDwv
dHI+CiAgICAgICAgICAgIDwvdGFibGU+CiAgICAgICAgICAgIAogICAgICAgICAgICA8
ZGl2IHN0eWxlPSJtYXJnaW4tdG9wOiAzMHB4OyBwYWRkaW5nOiAxNXB4OyBiYWNrZ3Jv
dW5kLWNvbG9yOiAjZjVmM2ZmOyBib3JkZXItcmFkaXVzOiAxMnB4OyBib3JkZXItbGVm
dDogNHB4IHNvbGlkICM4YjVjZjY7IGZvbnQtc2l6ZTogMTNweDsgY29sb3I6ICM1YjIx
YjY7IGxpbmUtaGVpZ2h0OiAxLjU7Ij4KICAgICAgICAgICAgICAgIDxzdHJvbmc+UHJv
bW90aW9uIEluZm9ybWF0aW9uOjwvc3Ryb25nPiBUaGlzIHNlYXQgd2FzIGFsbG9jYXRl
ZCB0byB5b3UgYXMgYSByZXN1bHQgb2YgYSBwYXNzZW5nZXIgY2FuY2VsbGF0aW9uLCBh
ZGhlcmluZyBzdHJpY3RseSB0byBvdXIgRklGTyBRdWV1ZSBydWxlcy4gTm8gZnVydGhl
ciBhY3Rpb24gaXMgcmVxdWlyZWQgZnJvbSB5b3VyIHNpZGUuCiAgICAgICAgICAgIDwv
ZGl2PgogICAgICAgIDwvZGl2PgogICAgICAgIDxkaXYgY2xhc3M9ImZvb3RlciI+CiAg
ICAgICAgICAgICZjb3B5OyAyMDI2IEFlcm9RdWV1ZSBTeXN0ZW0gSW5jLiBBbGwgcmln
aHRzIHJlc2VydmVkLiA8YnI+CiAgICAgICAgICAgIFRoaXMgaXMgYW4gYXV0b21hdGVk
IG5vdGlmaWNhdGlvbi4gUGxlYXNlIGRvIG5vdCByZXBseSBkaXJlY3RseSB0byB0aGlz
IGVtYWlsLgogICAgICAgIDwvZGl2PgogICAgPC9kaXY+CjwvYm9keT4KPC9odG1sPg==


==========================================
SMTP CMD: EHLO LAPTOP-74OU42E1
SMTP CMD: MAIL FROM:<noreply@aeroqueue.com>
SMTP CMD: RCPT TO:<tester@aeroqueue.com>
SMTP CMD: DATA
Connection error: Exception calling "ReadLine" with "0" argument(s): "Unable to read data from the transport connection: An existing connection was forcibly closed by the remote host."
------------------------------------------
RECEIVED EMAIL CONTENT:
MIME-Version: 1.0
From: "AeroQueue System" <noreply@aeroqueue.com>
To: tester@aeroqueue.com
Date: 11 Jun 2026 14:20:19 +0530
Subject: =?utf-8?B?w6LCncWSIEJvb2tpbmcgQ2FuY2VsbGF0aW9uIENvbmZpcm1l?=
 =?utf-8?B?ZCAtIEFRLVRLVC0xNzgxMTY3ODE2LTQ5?=
Content-Type: text/html; charset=utf-8
Content-Transfer-Encoding: base64

PCFET0NUWVBFIGh0bWw+CjxodG1sPgo8aGVhZD4KICAgIDxtZXRhIGNoYXJzZXQ9InV0
Zi04Ij4KICAgIDxzdHlsZT4KICAgICAgICAgICAgYm9keSB7IGZvbnQtZmFtaWx5OiAn
SW50ZXInLCAtYXBwbGUtc3lzdGVtLCBCbGlua01hY1N5c3RlbUZvbnQsICdTZWdvZSBV
SScsIFJvYm90bywgSGVsdmV0aWNhLCBBcmlhbCwgc2Fucy1zZXJpZjsgYmFja2dyb3Vu
ZC1jb2xvcjogI2YzZjRmNjsgbWFyZ2luOiAwOyBwYWRkaW5nOiAwOyB9CiAgICAuY29u
dGFpbmVyIHsgbWF4LXdpZHRoOiA2MDBweDsgbWFyZ2luOiAzMHB4IGF1dG87IGJhY2tn
cm91bmQtY29sb3I6ICNmZmZmZmY7IGJvcmRlci1yYWRpdXM6IDE2cHg7IG92ZXJmbG93
OiBoaWRkZW47IGJveC1zaGFkb3c6IDAgNHB4IDEycHggcmdiYSgwLDAsMCwwLjA1KTsg
fQogICAgLmhlYWRlciB7IHBhZGRpbmc6IDQwcHggMjBweDsgdGV4dC1hbGlnbjogY2Vu
dGVyOyBjb2xvcjogI2ZmZmZmZjsgfQogICAgLmhlYWRlciBoMSB7IG1hcmdpbjogMDsg
Zm9udC1zaXplOiAyNnB4OyBmb250LXdlaWdodDogODAwOyBsZXR0ZXItc3BhY2luZzog
LTAuNXB4OyB9CiAgICAuaGVhZGVyIHAgeyBtYXJnaW46IDVweCAwIDAgMDsgZm9udC1z
aXplOiAxNHB4OyBvcGFjaXR5OiAwLjk7IH0KICAgIC5jb250ZW50IHsgcGFkZGluZzog
NDBweDsgfQogICAgLnN0YXR1cy1iYWRnZSB7IGRpc3BsYXk6IGlubGluZS1ibG9jazsg
cGFkZGluZzogNnB4IDE0cHg7IGJvcmRlci1yYWRpdXM6IDk5OTlweDsgZm9udC1zaXpl
OiAxMXB4OyBmb250LXdlaWdodDogODAwOyB0ZXh0LXRyYW5zZm9ybTogdXBwZXJjYXNl
OyBtYXJnaW4tYm90dG9tOiAyMHB4OyBsZXR0ZXItc3BhY2luZzogMC41cHg7IH0KICAg
IC5zdGF0dXMtY29uZmlybWVkIHsgYmFja2dyb3VuZC1jb2xvcjogI2VjZmRmNTsgY29s
b3I6ICMwNDc4NTc7IH0KICAgIC5zdGF0dXMtd2FpdGxpc3RlZCB7IGJhY2tncm91bmQt
Y29sb3I6ICNmZmZiZWI7IGNvbG9yOiAjYjQ1MzA5OyB9CiAgICAuc3RhdHVzLWNhbmNl
bGxlZCB7IGJhY2tncm91bmQtY29sb3I6ICNmZWYyZjI7IGNvbG9yOiAjYjkxYzFjOyB9
CiAgICAuc3RhdHVzLXJlZnVuZGVkIHsgYmFja2dyb3VuZC1jb2xvcjogI2VjZmRmNTsg
Y29sb3I6ICMwNDc4NTc7IH0KICAgIC5kZXRhaWxzLXRhYmxlIHsgd2lkdGg6IDEwMCU7
IGJvcmRlci1jb2xsYXBzZTogY29sbGFwc2U7IG1hcmdpbi10b3A6IDIwcHg7IH0KICAg
IC5kZXRhaWxzLXRhYmxlIHRkIHsgcGFkZGluZzogMTRweCAwOyBib3JkZXItYm90dG9t
OiAxcHggc29saWQgI2YxZjVmOTsgZm9udC1zaXplOiAxNHB4OyB9CiAgICAuZGV0YWls
cy10YWJsZSB0ZC5sYWJlbCB7IGNvbG9yOiAjNjQ3NDhiOyBmb250LXdlaWdodDogNjAw
OyB3aWR0aDogNDAlOyB0ZXh0LXRyYW5zZm9ybTogdXBwZXJjYXNlOyBmb250LXNpemU6
IDExcHg7IGxldHRlci1zcGFjaW5nOiAwLjVweDsgfQogICAgLmRldGFpbHMtdGFibGUg
dGQudmFsdWUgeyBjb2xvcjogIzBmMTcyYTsgZm9udC13ZWlnaHQ6IDcwMDsgdGV4dC1h
bGlnbjogcmlnaHQ7IH0KICAgIC5mb290ZXIgeyBiYWNrZ3JvdW5kLWNvbG9yOiAjZjhm
YWZjOyBwYWRkaW5nOiAyNXB4OyB0ZXh0LWFsaWduOiBjZW50ZXI7IGZvbnQtc2l6ZTog
MTJweDsgY29sb3I6ICM5NGEzYjg7IGJvcmRlci10b3A6IDFweCBzb2xpZCAjZTJlOGYw
OyBsaW5lLWhlaWdodDogMS41OyB9CiAgICA8L3N0eWxlPgo8L2hlYWQ+Cjxib2R5Pgog
ICAgPGRpdiBjbGFzcz0iY29udGFpbmVyIj4KICAgICAgICA8ZGl2IGNsYXNzPSJoZWFk
ZXIiIHN0eWxlPSJiYWNrZ3JvdW5kOiBsaW5lYXItZ3JhZGllbnQoMTM1ZGVnLCAjZjg3
MTcxIDAlLCAjZGMyNjI2IDEwMCUpOyI+CiAgICAgICAgICAgIDxoMT7DosKdxZIgQWVy
b1F1ZXVlPC9oMT4KICAgICAgICAgICAgPHA+Qm9va2luZyBDYW5jZWxsYXRpb248L3A+
CiAgICAgICAgPC9kaXY+CiAgICAgICAgPGRpdiBjbGFzcz0iY29udGVudCI+CiAgICAg
ICAgICAgIDxkaXYgY2xhc3M9InN0YXR1cy1iYWRnZSBzdGF0dXMtY2FuY2VsbGVkIj5D
QU5DRUxMRUQ8L2Rpdj4KICAgICAgICAgICAgPHAgc3R5bGU9ImZvbnQtc2l6ZTogMTZw
eDsgY29sb3I6ICMxZTI5M2I7IG1hcmdpbi10b3A6IDA7IGZvbnQtd2VpZ2h0OiA2MDA7
Ij5IZWxsbyw8L3A+CiAgICAgICAgICAgIDxwIHN0eWxlPSJmb250LXNpemU6IDE0cHg7
IGNvbG9yOiAjNjQ3NDhiOyBsaW5lLWhlaWdodDogMS42OyBtYXJnaW4tYm90dG9tOiAy
NXB4OyI+CiAgICAgICAgICAgICAgICBZb3VyIGZsaWdodCBib29raW5nIGhhcyBiZWVu
IHN1Y2Nlc3NmdWxseSBjYW5jZWxsZWQuIEJlbG93IGFyZSB0aGUgZGV0YWlscyBvZiB0
aGUgY2FuY2VsbGVkIHRpY2tldDoKICAgICAgICAgICAgPC9wPgogICAgICAgICAgICAK
ICAgICAgICAgICAgPHRhYmxlIGNsYXNzPSJkZXRhaWxzLXRhYmxlIj4KICAgICAgICAg
ICAgICAgIDx0cj4KICAgICAgICAgICAgICAgICAgICA8dGQgY2xhc3M9ImxhYmVsIj5U
aWNrZXQgTnVtYmVyPC90ZD4KICAgICAgICAgICAgICAgICAgICA8dGQgY2xhc3M9InZh
bHVlIiBzdHlsZT0iY29sb3I6ICNkYzI2MjY7IGZvbnQtZmFtaWx5OiBtb25vc3BhY2U7
IGZvbnQtc2l6ZTogMTVweDsiPkFRLVRLVC0xNzgxMTY3ODE2LTQ5PC90ZD4KICAgICAg
ICAgICAgICAgIDwvdHI+CiAgICAgICAgICAgICAgICA8dHI+CiAgICAgICAgICAgICAg
ICAgICAgPHRkIGNsYXNzPSJsYWJlbCI+Um91dGU8L3RkPgogICAgICAgICAgICAgICAg
ICAgIDx0ZCBjbGFzcz0idmFsdWUiPk5ldyBZb3JrIC0+IExvbmRvbjwvdGQ+CiAgICAg
ICAgICAgICAgICA8L3RyPgogICAgICAgICAgICAgICAgPHRyPgogICAgICAgICAgICAg
ICAgICAgIDx0ZCBjbGFzcz0ibGFiZWwiPlRyYXZlbCBEYXRlPC90ZD4KICAgICAgICAg
ICAgICAgICAgICA8dGQgY2xhc3M9InZhbHVlIj4yMDI2LTA2LTMwPC90ZD4KICAgICAg
ICAgICAgICAgIDwvdHI+CiAgICAgICAgICAgICAgICA8dHI+CiAgICAgICAgICAgICAg
ICAgICAgPHRkIGNsYXNzPSJsYWJlbCI+Q2FuY2VsbGF0aW9uIERhdGU8L3RkPgogICAg
ICAgICAgICAgICAgICAgIDx0ZCBjbGFzcz0idmFsdWUiPjIwMjYtMDYtMTEgMTQ6MjA6
MTk8L3RkPgogICAgICAgICAgICAgICAgPC90cj4KICAgICAgICAgICAgPC90YWJsZT4K
ICAgICAgICAgICAgCiAgICAgICAgICAgIDxwIHN0eWxlPSJmb250LXNpemU6IDEzcHg7
IGNvbG9yOiAjYjkxYzFjOyBsaW5lLWhlaWdodDogMS41OyBtYXJnaW4tdG9wOiAzNXB4
OyBiYWNrZ3JvdW5kLWNvbG9yOiAjZmVmMmYyOyBwYWRkaW5nOiAxNXB4OyBib3JkZXIt
cmFkaXVzOiAxMnB4OyBib3JkZXItbGVmdDogNHB4IHNvbGlkICNlZjQ0NDQ7Ij4KICAg
ICAgICAgICAgICAgIDxzdHJvbmc+UmVmdW5kIEluZm9ybWF0aW9uOjwvc3Ryb25nPiBJ
ZiB5b3VyIGJvb2tpbmcgd2FzIENPTkZJUk1FRCBhbmQgeW91IG1hZGUgYSBzdWNjZXNz
ZnVsIHBheW1lbnQsIHlvdSBhcmUgZWxpZ2libGUgZm9yIGEgZnVsbCByZWZ1bmQuIFBs
ZWFzZSBoZWFkIG92ZXIgdG8gdGhlIDxzdHJvbmc+UmVmdW5kIFBvcnRhbDwvc3Ryb25n
PiBvbiBvdXIgd2Vic2l0ZSB0byB2ZXJpZnkgZWxpZ2liaWxpdHkgYW5kIHByb2Nlc3Mg
eW91ciByZWZ1bmQgdHJhbnNhY3Rpb24uCiAgICAgICAgICAgIDwvcD4KICAgICAgICA8
L2Rpdj4KICAgICAgICA8ZGl2IGNsYXNzPSJmb290ZXIiPgogICAgICAgICAgICAmY29w
eTsgMjAyNiBBZXJvUXVldWUgU3lzdGVtIEluYy4gQWxsIHJpZ2h0cyByZXNlcnZlZC4g
PGJyPgogICAgICAgICAgICBJZiB5b3UgbmVlZCBhc3Npc3RhbmNlLCBwbGVhc2Ugdmlz
aXQgdGhlIGhlbHAgZGVzay4KICAgICAgICA8L2Rpdj4KICAgIDwvZGl2Pgo8L2JvZHk+
CjwvaHRtbD4=


==========================================
SMTP CMD: EHLO LAPTOP-74OU42E1
SMTP CMD: MAIL FROM:<noreply@aeroqueue.com>
SMTP CMD: RCPT TO:<tester@aeroqueue.com>
SMTP CMD: DATA
Connection error: Exception calling "ReadLine" with "0" argument(s): "Unable to read data from the transport connection: An existing connection was forcibly closed by the remote host."
------------------------------------------
RECEIVED EMAIL CONTENT:
MIME-Version: 1.0
From: "AeroQueue System" <noreply@aeroqueue.com>
To: tester@aeroqueue.com
Date: 11 Jun 2026 14:20:21 +0530
Subject: =?utf-8?B?w7DFuOKAmcKwIFJlZnVuZCBQcm9jZXNzZWQgU3VjY2Vzc2Z1?=
 =?utf-8?B?bGx5IC0gQVEtVEtULTE3ODExNjc4MTYtNDk=?=
Content-Type: text/html; charset=utf-8
Content-Transfer-Encoding: base64

PCFET0NUWVBFIGh0bWw+CjxodG1sPgo8aGVhZD4KICAgIDxtZXRhIGNoYXJzZXQ9InV0
Zi04Ij4KICAgIDxzdHlsZT4KICAgICAgICAgICAgYm9keSB7IGZvbnQtZmFtaWx5OiAn
SW50ZXInLCAtYXBwbGUtc3lzdGVtLCBCbGlua01hY1N5c3RlbUZvbnQsICdTZWdvZSBV
SScsIFJvYm90bywgSGVsdmV0aWNhLCBBcmlhbCwgc2Fucy1zZXJpZjsgYmFja2dyb3Vu
ZC1jb2xvcjogI2YzZjRmNjsgbWFyZ2luOiAwOyBwYWRkaW5nOiAwOyB9CiAgICAuY29u
dGFpbmVyIHsgbWF4LXdpZHRoOiA2MDBweDsgbWFyZ2luOiAzMHB4IGF1dG87IGJhY2tn
cm91bmQtY29sb3I6ICNmZmZmZmY7IGJvcmRlci1yYWRpdXM6IDE2cHg7IG92ZXJmbG93
OiBoaWRkZW47IGJveC1zaGFkb3c6IDAgNHB4IDEycHggcmdiYSgwLDAsMCwwLjA1KTsg
fQogICAgLmhlYWRlciB7IHBhZGRpbmc6IDQwcHggMjBweDsgdGV4dC1hbGlnbjogY2Vu
dGVyOyBjb2xvcjogI2ZmZmZmZjsgfQogICAgLmhlYWRlciBoMSB7IG1hcmdpbjogMDsg
Zm9udC1zaXplOiAyNnB4OyBmb250LXdlaWdodDogODAwOyBsZXR0ZXItc3BhY2luZzog
LTAuNXB4OyB9CiAgICAuaGVhZGVyIHAgeyBtYXJnaW46IDVweCAwIDAgMDsgZm9udC1z
aXplOiAxNHB4OyBvcGFjaXR5OiAwLjk7IH0KICAgIC5jb250ZW50IHsgcGFkZGluZzog
NDBweDsgfQogICAgLnN0YXR1cy1iYWRnZSB7IGRpc3BsYXk6IGlubGluZS1ibG9jazsg
cGFkZGluZzogNnB4IDE0cHg7IGJvcmRlci1yYWRpdXM6IDk5OTlweDsgZm9udC1zaXpl
OiAxMXB4OyBmb250LXdlaWdodDogODAwOyB0ZXh0LXRyYW5zZm9ybTogdXBwZXJjYXNl
OyBtYXJnaW4tYm90dG9tOiAyMHB4OyBsZXR0ZXItc3BhY2luZzogMC41cHg7IH0KICAg
IC5zdGF0dXMtY29uZmlybWVkIHsgYmFja2dyb3VuZC1jb2xvcjogI2VjZmRmNTsgY29s
b3I6ICMwNDc4NTc7IH0KICAgIC5zdGF0dXMtd2FpdGxpc3RlZCB7IGJhY2tncm91bmQt
Y29sb3I6ICNmZmZiZWI7IGNvbG9yOiAjYjQ1MzA5OyB9CiAgICAuc3RhdHVzLWNhbmNl
bGxlZCB7IGJhY2tncm91bmQtY29sb3I6ICNmZWYyZjI7IGNvbG9yOiAjYjkxYzFjOyB9
CiAgICAuc3RhdHVzLXJlZnVuZGVkIHsgYmFja2dyb3VuZC1jb2xvcjogI2VjZmRmNTsg
Y29sb3I6ICMwNDc4NTc7IH0KICAgIC5kZXRhaWxzLXRhYmxlIHsgd2lkdGg6IDEwMCU7
IGJvcmRlci1jb2xsYXBzZTogY29sbGFwc2U7IG1hcmdpbi10b3A6IDIwcHg7IH0KICAg
IC5kZXRhaWxzLXRhYmxlIHRkIHsgcGFkZGluZzogMTRweCAwOyBib3JkZXItYm90dG9t
OiAxcHggc29saWQgI2YxZjVmOTsgZm9udC1zaXplOiAxNHB4OyB9CiAgICAuZGV0YWls
cy10YWJsZSB0ZC5sYWJlbCB7IGNvbG9yOiAjNjQ3NDhiOyBmb250LXdlaWdodDogNjAw
OyB3aWR0aDogNDAlOyB0ZXh0LXRyYW5zZm9ybTogdXBwZXJjYXNlOyBmb250LXNpemU6
IDExcHg7IGxldHRlci1zcGFjaW5nOiAwLjVweDsgfQogICAgLmRldGFpbHMtdGFibGUg
dGQudmFsdWUgeyBjb2xvcjogIzBmMTcyYTsgZm9udC13ZWlnaHQ6IDcwMDsgdGV4dC1h
bGlnbjogcmlnaHQ7IH0KICAgIC5mb290ZXIgeyBiYWNrZ3JvdW5kLWNvbG9yOiAjZjhm
YWZjOyBwYWRkaW5nOiAyNXB4OyB0ZXh0LWFsaWduOiBjZW50ZXI7IGZvbnQtc2l6ZTog
MTJweDsgY29sb3I6ICM5NGEzYjg7IGJvcmRlci10b3A6IDFweCBzb2xpZCAjZTJlOGYw
OyBsaW5lLWhlaWdodDogMS41OyB9CiAgICA8L3N0eWxlPgo8L2hlYWQ+Cjxib2R5Pgog
ICAgPGRpdiBjbGFzcz0iY29udGFpbmVyIj4KICAgICAgICA8ZGl2IGNsYXNzPSJoZWFk
ZXIiIHN0eWxlPSJiYWNrZ3JvdW5kOiBsaW5lYXItZ3JhZGllbnQoMTM1ZGVnLCAjMTBi
OTgxIDAlLCAjMDQ3ODU3IDEwMCUpOyI+CiAgICAgICAgICAgIDxoMT7DsMW44oCZwrAg
QWVyb1F1ZXVlPC9oMT4KICAgICAgICAgICAgPHA+UmVmdW5kIENvbmZpcm1hdGlvbjwv
cD4KICAgICAgICA8L2Rpdj4KICAgICAgICA8ZGl2IGNsYXNzPSJjb250ZW50Ij4KICAg
ICAgICAgICAgPGRpdiBjbGFzcz0ic3RhdHVzLWJhZGdlIHN0YXR1cy1yZWZ1bmRlZCI+
U1VDQ0VTUzwvZGl2PgogICAgICAgICAgICA8cCBzdHlsZT0iZm9udC1zaXplOiAxNnB4
OyBjb2xvcjogIzFlMjkzYjsgbWFyZ2luLXRvcDogMDsgZm9udC13ZWlnaHQ6IDYwMDsi
PkhlbGxvLDwvcD4KICAgICAgICAgICAgPHAgc3R5bGU9ImZvbnQtc2l6ZTogMTRweDsg
Y29sb3I6ICM2NDc0OGI7IGxpbmUtaGVpZ2h0OiAxLjY7IG1hcmdpbi1ib3R0b206IDI1
cHg7Ij4KICAgICAgICAgICAgICAgIFlvdXIgcmVmdW5kIHRyYW5zYWN0aW9uIGhhcyBi
ZWVuIGFwcHJvdmVkIGFuZCBwcm9jZXNzZWQuIEJlbG93IGFyZSB0aGUgcmVmdW5kIGRl
dGFpbHM6CiAgICAgICAgICAgIDwvcD4KICAgICAgICAgICAgCiAgICAgICAgICAgIDx0
YWJsZSBjbGFzcz0iZGV0YWlscy10YWJsZSI+CiAgICAgICAgICAgICAgICA8dHI+CiAg
ICAgICAgICAgICAgICAgICAgPHRkIGNsYXNzPSJsYWJlbCI+VGlja2V0IE51bWJlcjwv
dGQ+CiAgICAgICAgICAgICAgICAgICAgPHRkIGNsYXNzPSJ2YWx1ZSIgc3R5bGU9ImNv
bG9yOiAjMDU5NjY5OyBmb250LWZhbWlseTogbW9ub3NwYWNlOyBmb250LXNpemU6IDE1
cHg7Ij5BUS1US1QtMTc4MTE2NzgxNi00OTwvdGQ+CiAgICAgICAgICAgICAgICA8L3Ry
PgogICAgICAgICAgICAgICAgPHRyPgogICAgICAgICAgICAgICAgICAgIDx0ZCBjbGFz
cz0ibGFiZWwiPlJlZnVuZCBBbW91bnQ8L3RkPgogICAgICAgICAgICAgICAgICAgIDx0
ZCBjbGFzcz0idmFsdWUiIHN0eWxlPSJjb2xvcjogIzA1OTY2OTsgZm9udC1zaXplOiAx
NXB4OyI+w6LigJrCuTQsNTAwPC90ZD4KICAgICAgICAgICAgICAgIDwvdHI+CiAgICAg
ICAgICAgICAgICA8dHI+CiAgICAgICAgICAgICAgICAgICAgPHRkIGNsYXNzPSJsYWJl
bCI+VHJhbnNhY3Rpb24gSUQ8L3RkPgogICAgICAgICAgICAgICAgICAgIDx0ZCBjbGFz
cz0idmFsdWUiIHN0eWxlPSJmb250LWZhbWlseTogbW9ub3NwYWNlOyBmb250LXNpemU6
IDE0cHg7Ij5UWE4tUkVGLTE3ODExNjc4MjE8L3RkPgogICAgICAgICAgICAgICAgPC90
cj4KICAgICAgICAgICAgICAgIDx0cj4KICAgICAgICAgICAgICAgICAgICA8dGQgY2xh
c3M9ImxhYmVsIj5SZWZ1bmQgU3RhdHVzPC90ZD4KICAgICAgICAgICAgICAgICAgICA8
dGQgY2xhc3M9InZhbHVlIiBzdHlsZT0iY29sb3I6ICMwNTk2Njk7Ij5TVUNDRVNTPC90
ZD4KICAgICAgICAgICAgICAgIDwvdHI+CiAgICAgICAgICAgIDwvdGFibGU+CiAgICAg
ICAgICAgIAogICAgICAgICAgICA8cCBzdHlsZT0iZm9udC1zaXplOiAxM3B4OyBjb2xv
cjogIzA0Nzg1NzsgbGluZS1oZWlnaHQ6IDEuNTsgbWFyZ2luLXRvcDogMzVweDsgYmFj
a2dyb3VuZC1jb2xvcjogI2VjZmRmNTsgcGFkZGluZzogMTVweDsgYm9yZGVyLXJhZGl1
czogMTJweDsgYm9yZGVyLWxlZnQ6IDRweCBzb2xpZCAjMTBiOTgxOyI+CiAgICAgICAg
ICAgICAgICA8c3Ryb25nPk5vdGU6PC9zdHJvbmc+IFRoZSByZWZ1bmQgaGFzIGJlZW4g
Y3JlZGl0ZWQgYmFjayB0byB5b3VyIG9yaWdpbmFsIHBheW1lbnQgc291cmNlLiBEZXBl
bmRpbmcgb24geW91ciBmaW5hbmNpYWwgaW5zdGl0dXRpb24sIGl0IG1heSB0YWtlIDMg
dG8gNSBidXNpbmVzcyBkYXlzIGZvciB0aGUgZnVuZHMgdG8gcmVmbGVjdCBpbiB5b3Vy
IGFjY291bnQuCiAgICAgICAgICAgIDwvcD4KICAgICAgICA8L2Rpdj4KICAgICAgICA8
ZGl2IGNsYXNzPSJmb290ZXIiPgogICAgICAgICAgICAmY29weTsgMjAyNiBBZXJvUXVl
dWUgU3lzdGVtIEluYy4gQWxsIHJpZ2h0cyByZXNlcnZlZC4gPGJyPgogICAgICAgICAg
ICBUaGFuayB5b3UgZm9yIGZseWluZyB3aXRoIEFlcm9RdWV1ZS4KICAgICAgICA8L2Rp
dj4KICAgIDwvZGl2Pgo8L2JvZHk+CjwvaHRtbD4=


==========================================
SMTP CMD: EHLO LAPTOP-74OU42E1
SMTP CMD: MAIL FROM:<noreply@aeroqueue.com>
SMTP CMD: RCPT TO:<kummariakhila40@gmail.com>
SMTP CMD: DATA
Connection error: Exception calling "ReadLine" with "0" argument(s): "Unable to read data from the transport connection: An existing connection was forcibly closed by the remote host."
------------------------------------------
RECEIVED EMAIL CONTENT:
MIME-Version: 1.0
From: "AeroQueue System" <noreply@aeroqueue.com>
To: kummariakhila40@gmail.com
Date: 11 Jun 2026 14:22:37 +0530
Subject: =?utf-8?B?w6LFk8uGw6/CuMKPIEZsaWdodCBCb29raW5nIENvbmZpcm1h?=
 =?utf-8?B?dGlvbiAoQ09ORklSTUVEKSAtIEFRLVRLVC0xNzgxMTY3OTU2LTUy?=
Content-Type: text/html; charset=utf-8
Content-Transfer-Encoding: base64

PCFET0NUWVBFIGh0bWw+CjxodG1sPgo8aGVhZD4KICAgIDxtZXRhIGNoYXJzZXQ9InV0
Zi04Ij4KICAgIDxzdHlsZT4KICAgICAgICAgICAgYm9keSB7IGZvbnQtZmFtaWx5OiAn
SW50ZXInLCAtYXBwbGUtc3lzdGVtLCBCbGlua01hY1N5c3RlbUZvbnQsICdTZWdvZSBV
SScsIFJvYm90bywgSGVsdmV0aWNhLCBBcmlhbCwgc2Fucy1zZXJpZjsgYmFja2dyb3Vu
ZC1jb2xvcjogI2YzZjRmNjsgbWFyZ2luOiAwOyBwYWRkaW5nOiAwOyB9CiAgICAuY29u
dGFpbmVyIHsgbWF4LXdpZHRoOiA2MDBweDsgbWFyZ2luOiAzMHB4IGF1dG87IGJhY2tn
cm91bmQtY29sb3I6ICNmZmZmZmY7IGJvcmRlci1yYWRpdXM6IDE2cHg7IG92ZXJmbG93
OiBoaWRkZW47IGJveC1zaGFkb3c6IDAgNHB4IDEycHggcmdiYSgwLDAsMCwwLjA1KTsg
fQogICAgLmhlYWRlciB7IHBhZGRpbmc6IDQwcHggMjBweDsgdGV4dC1hbGlnbjogY2Vu
dGVyOyBjb2xvcjogI2ZmZmZmZjsgfQogICAgLmhlYWRlciBoMSB7IG1hcmdpbjogMDsg
Zm9udC1zaXplOiAyNnB4OyBmb250LXdlaWdodDogODAwOyBsZXR0ZXItc3BhY2luZzog
LTAuNXB4OyB9CiAgICAuaGVhZGVyIHAgeyBtYXJnaW46IDVweCAwIDAgMDsgZm9udC1z
aXplOiAxNHB4OyBvcGFjaXR5OiAwLjk7IH0KICAgIC5jb250ZW50IHsgcGFkZGluZzog
NDBweDsgfQogICAgLnN0YXR1cy1iYWRnZSB7IGRpc3BsYXk6IGlubGluZS1ibG9jazsg
cGFkZGluZzogNnB4IDE0cHg7IGJvcmRlci1yYWRpdXM6IDk5OTlweDsgZm9udC1zaXpl
OiAxMXB4OyBmb250LXdlaWdodDogODAwOyB0ZXh0LXRyYW5zZm9ybTogdXBwZXJjYXNl
OyBtYXJnaW4tYm90dG9tOiAyMHB4OyBsZXR0ZXItc3BhY2luZzogMC41cHg7IH0KICAg
IC5zdGF0dXMtY29uZmlybWVkIHsgYmFja2dyb3VuZC1jb2xvcjogI2VjZmRmNTsgY29s
b3I6ICMwNDc4NTc7IH0KICAgIC5zdGF0dXMtd2FpdGxpc3RlZCB7IGJhY2tncm91bmQt
Y29sb3I6ICNmZmZiZWI7IGNvbG9yOiAjYjQ1MzA5OyB9CiAgICAuc3RhdHVzLWNhbmNl
bGxlZCB7IGJhY2tncm91bmQtY29sb3I6ICNmZWYyZjI7IGNvbG9yOiAjYjkxYzFjOyB9
CiAgICAuc3RhdHVzLXJlZnVuZGVkIHsgYmFja2dyb3VuZC1jb2xvcjogI2VjZmRmNTsg
Y29sb3I6ICMwNDc4NTc7IH0KICAgIC5kZXRhaWxzLXRhYmxlIHsgd2lkdGg6IDEwMCU7
IGJvcmRlci1jb2xsYXBzZTogY29sbGFwc2U7IG1hcmdpbi10b3A6IDIwcHg7IH0KICAg
IC5kZXRhaWxzLXRhYmxlIHRkIHsgcGFkZGluZzogMTRweCAwOyBib3JkZXItYm90dG9t
OiAxcHggc29saWQgI2YxZjVmOTsgZm9udC1zaXplOiAxNHB4OyB9CiAgICAuZGV0YWls
cy10YWJsZSB0ZC5sYWJlbCB7IGNvbG9yOiAjNjQ3NDhiOyBmb250LXdlaWdodDogNjAw
OyB3aWR0aDogNDAlOyB0ZXh0LXRyYW5zZm9ybTogdXBwZXJjYXNlOyBmb250LXNpemU6
IDExcHg7IGxldHRlci1zcGFjaW5nOiAwLjVweDsgfQogICAgLmRldGFpbHMtdGFibGUg
dGQudmFsdWUgeyBjb2xvcjogIzBmMTcyYTsgZm9udC13ZWlnaHQ6IDcwMDsgdGV4dC1h
bGlnbjogcmlnaHQ7IH0KICAgIC5mb290ZXIgeyBiYWNrZ3JvdW5kLWNvbG9yOiAjZjhm
YWZjOyBwYWRkaW5nOiAyNXB4OyB0ZXh0LWFsaWduOiBjZW50ZXI7IGZvbnQtc2l6ZTog
MTJweDsgY29sb3I6ICM5NGEzYjg7IGJvcmRlci10b3A6IDFweCBzb2xpZCAjZTJlOGYw
OyBsaW5lLWhlaWdodDogMS41OyB9CiAgICA8L3N0eWxlPgo8L2hlYWQ+Cjxib2R5Pgog
ICAgPGRpdiBjbGFzcz0iY29udGFpbmVyIj4KICAgICAgICA8ZGl2IGNsYXNzPSJoZWFk
ZXIiIHN0eWxlPSJiYWNrZ3JvdW5kOiBsaW5lYXItZ3JhZGllbnQoMTM1ZGVnLCAjM2I4
MmY2IDAlLCAjMWQ0ZWQ4IDEwMCUpOyI+CiAgICAgICAgICAgIDxoMT7DosWTy4bDr8K4
wo8gQWVyb1F1ZXVlPC9oMT4KICAgICAgICAgICAgPHA+RmxpZ2h0IEJvb2tpbmcgQ29u
ZmlybWF0aW9uPC9wPgogICAgICAgIDwvZGl2PgogICAgICAgIDxkaXYgY2xhc3M9ImNv
bnRlbnQiPgogICAgICAgICAgICA8ZGl2IGNsYXNzPSJzdGF0dXMtYmFkZ2Ugc3RhdHVz
LWNvbmZpcm1lZCI+Q09ORklSTUVEPC9kaXY+CiAgICAgICAgICAgIDxwIHN0eWxlPSJm
b250LXNpemU6IDE2cHg7IGNvbG9yOiAjMWUyOTNiOyBtYXJnaW4tdG9wOiAwOyBmb250
LXdlaWdodDogNjAwOyI+SGkgS3VtbWFyaSBBa2hpbGEsPC9wPgogICAgICAgICAgICA8
cCBzdHlsZT0iZm9udC1zaXplOiAxNHB4OyBjb2xvcjogIzY0NzQ4YjsgbGluZS1oZWln
aHQ6IDEuNjsgbWFyZ2luLWJvdHRvbTogMjVweDsiPgogICAgICAgICAgICAgICAgWW91
ciBib29raW5nIHJlcXVlc3QgaGFzIGJlZW4gcHJvY2Vzc2VkIHN1Y2Nlc3NmdWxseS4g
QmVsb3cgYXJlIHlvdXIgdHJhdmVsIGl0aW5lcmFyeSBhbmQgdGlja2V0IGRldGFpbHM6
CiAgICAgICAgICAgIDwvcD4KICAgICAgICAgICAgCiAgICAgICAgICAgIDx0YWJsZSBj
bGFzcz0iZGV0YWlscy10YWJsZSI+CiAgICAgICAgICAgICAgICA8dHI+CiAgICAgICAg
ICAgICAgICAgICAgPHRkIGNsYXNzPSJsYWJlbCI+VGlja2V0IE51bWJlcjwvdGQ+CiAg
ICAgICAgICAgICAgICAgICAgPHRkIGNsYXNzPSJ2YWx1ZSIgc3R5bGU9ImNvbG9yOiAj
MjU2M2ViOyBmb250LWZhbWlseTogbW9ub3NwYWNlOyBmb250LXNpemU6IDE1cHg7Ij5B
US1US1QtMTc4MTE2Nzk1Ni01MjwvdGQ+CiAgICAgICAgICAgICAgICA8L3RyPgogICAg
ICAgICAgICAgICAgPHRyPgogICAgICAgICAgICAgICAgICAgIDx0ZCBjbGFzcz0ibGFi
ZWwiPkZyb208L3RkPgogICAgICAgICAgICAgICAgICAgIDx0ZCBjbGFzcz0idmFsdWUi
Pk5ldyBZb3JrIChKRkspPC90ZD4KICAgICAgICAgICAgICAgIDwvdHI+CiAgICAgICAg
ICAgICAgICA8dHI+CiAgICAgICAgICAgICAgICAgICAgPHRkIGNsYXNzPSJsYWJlbCI+
VG88L3RkPgogICAgICAgICAgICAgICAgICAgIDx0ZCBjbGFzcz0idmFsdWUiPlBhcmlz
IChDREcpPC90ZD4KICAgICAgICAgICAgICAgIDwvdHI+CiAgICAgICAgICAgICAgICA8
dHI+CiAgICAgICAgICAgICAgICAgICAgPHRkIGNsYXNzPSJsYWJlbCI+VHJhdmVsIERh
dGU8L3RkPgogICAgICAgICAgICAgICAgICAgIDx0ZCBjbGFzcz0idmFsdWUiPjIwMjYt
MDYtMTg8L3RkPgogICAgICAgICAgICAgICAgPC90cj4KICAgICAgICAgICAgICAgIDx0
cj4KICAgICAgICAgICAgICAgICAgICA8dGQgY2xhc3M9ImxhYmVsIj5TZWF0IENob2lj
ZTwvdGQ+CiAgICAgICAgICAgICAgICAgICAgPHRkIGNsYXNzPSJ2YWx1ZSI+NEY8L3Rk
PgogICAgICAgICAgICAgICAgPC90cj4KICAgICAgICAgICAgICAgIDx0cj4KICAgICAg
ICAgICAgICAgICAgICA8dGQgY2xhc3M9ImxhYmVsIj5BbW91bnQgUGFpZDwvdGQ+CiAg
ICAgICAgICAgICAgICAgICAgPHRkIGNsYXNzPSJ2YWx1ZSIgc3R5bGU9ImNvbG9yOiAj
MTBiOTgxOyBmb250LXNpemU6IDE1cHg7Ij7DouKAmsK5MzUsMjU5PC90ZD4KICAgICAg
ICAgICAgICAgIDwvdHI+CiAgICAgICAgICAgICAgICA8dHI+CiAgICAgICAgICAgICAg
ICAgICAgPHRkIGNsYXNzPSJsYWJlbCI+Qm9va2luZyBEYXRlPC90ZD4KICAgICAgICAg
ICAgICAgICAgICA8dGQgY2xhc3M9InZhbHVlIj4yMDI2LTA2LTExIDE0OjIyOjM2PC90
ZD4KICAgICAgICAgICAgICAgIDwvdHI+CiAgICAgICAgICAgIDwvdGFibGU+CiAgICAg
ICAgICAgIAogICAgICAgICAgICA8ZGl2IHN0eWxlPSJtYXJnaW4tdG9wOiAzMHB4OyBw
YWRkaW5nOiAxNXB4OyBiYWNrZ3JvdW5kLWNvbG9yOiAjZWZmNmZmOyBib3JkZXItcmFk
aXVzOiAxMnB4OyBib3JkZXItbGVmdDogNHB4IHNvbGlkICMzYjgyZjY7IGZvbnQtc2l6
ZTogMTNweDsgY29sb3I6ICMxZTQwYWY7IGxpbmUtaGVpZ2h0OiAxLjU7Ij4KICAgICAg
ICAgICAgICAgIDxzdHJvbmc+UXVldWUgSW5mb3JtYXRpb246PC9zdHJvbmc+IEluIGFj
Y29yZGFuY2Ugd2l0aCBvdXIgRklGTyBRdWV1ZSBTeXN0ZW0sIGlmIHlvdXIgYm9va2lu
ZyBzdGF0dXMgaXMgV0FJVExJU1RFRCwgeW91IHdpbGwgYmUgYXV0b21hdGljYWxseSBw
cm9tb3RlZCB0byBDT05GSVJNRUQgYXMgc29vbiBhcyBhbm90aGVyIHBhc3NlbmdlciBj
YW5jZWxzLgogICAgICAgICAgICA8L2Rpdj4KICAgICAgICA8L2Rpdj4KICAgICAgICA8
ZGl2IGNsYXNzPSJmb290ZXIiPgogICAgICAgICAgICAmY29weTsgMjAyNiBBZXJvUXVl
dWUgU3lzdGVtIEluYy4gQWxsIHJpZ2h0cyByZXNlcnZlZC4gPGJyPgogICAgICAgICAg
ICBUaGlzIGlzIGFuIGF1dG9tYXRlZCBub3RpZmljYXRpb24uIFBsZWFzZSBkbyBub3Qg
cmVwbHkgZGlyZWN0bHkgdG8gdGhpcyBlbWFpbC4KICAgICAgICA8L2Rpdj4KICAgIDwv
ZGl2Pgo8L2JvZHk+CjwvaHRtbD4=


==========================================
